INFO    : Staging deployment according to strategy default_target
INFO    : Since no target was supplied, we will use "web".

INFO    : Staging latest build located in `/workspaces/pretext/Math-234-topics/output/web` at `/workspaces/pretext/Math-234-topics/output/stage`.
INFO    : 
INFO    : Preparing to deploy from active `main` git branch.

INFO    : Changes to project source since last commit detected.
WARNING : Don't forget to either add and commit the changes to your source with git, or run `pretext deploy -u` to have these changes updated automatically.
WARNING : Just deploying your built project will not save changes to your source on GitHub.`
WARNING : Remote GitHub repository is not yet configured.

INFO    : And if you haven't already, create a remote GitHub repository for this project at:
INFO    :     https://github.com/new
INFO    : (Do NOT check any "initialize" options.)
INFO    : On the next page, copy the "HTTPS" version of the URL in the "Quick Setup" section.
INFO    : Next, set up a GitHub personal access token. Instructions:
INFO    :     https://docs.github.com/en/authentication/keeping-your-account-and-data-secure/managing-your-personal-access-tokens#creating-a-personal-access-token-classic
INFO    : Be sure to check the `repo` and `workflow` scopes when generating this token.
INFO    : Committing your latest build to the `gh-pages` branch.
INFO    : Attempting to connect to remote repository at `https://github.com:M234@github.com/github.com/new`...
WARNING : There was an issue connecting to GitHub repository located at https://github.com/github.com/new/

INFO    : Make sure you have set up authentication for GitHub.  For more information, visit:
INFO    :     https://docs.github.com/en/authentication
INFO    : Make sure you can push changes, either from the command line or in VS Code.  Then try to deploy again.

INFO    : You can also try to run `pretext deploy --no-push` to skip this step, then switch to the `gh-pages` branch (using `git checkout gh-pages`) and push manually.
INFO    : (If `https://github.com:M234@github.com/github.com/new` doesn't match your GitHub repository,
INFO    : use `git remote remove origin` on the command line then try to deploy again.)
ERROR   : Deploy was unsuccessful.
INFO    : 
----------------------------------------------------
INFO    : While running pretext, the following errors occurred:

INFO    : (see log messages above or in the 'logs' folder for more information)
INFO    : ----------------------------------------------------
