WARNING : Could not find a target 'html', but found a target 'web' with format='html'; using this target.
INFO    : Building target web
INFO    : XSL conversion of /workspaces/pretext/Math-234-topics/source/main.ptx by /root/.ptx/2.37.1/core/xsl/utilities/pretext-enhanced-source.xsl
INFO    : successful application of /root/.ptx/2.37.1/core/xsl/utilities/pretext-enhanced-source.xsl
INFO    : Generating any needed assets.
INFO    : converting latex-image pictures from /workspaces/pretext/Math-234-topics/source/main.ptx to svg graphics for placement in /workspaces/pretext/Math-234-topics/generated-assets/latex-image
INFO    : extracting latex-image pictures from /workspaces/pretext/Math-234-topics/source/main.ptx
INFO    : string parameters passed to extraction stylesheet: {'cli.version': '2.37', 'publisher': '/workspaces/pretext/Math-234-topics/publication/publication.ptx'}
INFO    : discovering source file's directory name: /workspaces/pretext/Math-234-topics/source
INFO    : verifying and expanding input directory: /workspaces/pretext/Math-234-topics/source/../generated-assets
INFO    : input directory expanded to absolute path: /workspaces/pretext/Math-234-topics/generated-assets
INFO    : verifying and expanding input directory: /workspaces/pretext/Math-234-topics/source/../assets
INFO    : input directory expanded to absolute path: /workspaces/pretext/Math-234-topics/assets
INFO    : XSL conversion of /workspaces/pretext/Math-234-topics/source/main.ptx by /root/.ptx/2.37.1/core/xsl/extract-latex-image.xsl
INFO    : successful application of /root/.ptx/2.37.1/core/xsl/extract-latex-image.xsl
INFO    : converting my-great-book-3-2-3-1.tex to my-great-book-3-2-3-1.pdf
ERROR   : LaTeX compilation of my-great-book-3-2-3-1.tex failed.
Re-run, requesting "source" as the format, to analyze the image.
Likely creating the entire document as PDF will fail similarly.
The transcript of the LaTeX run follows.
WARNING : LaTeX compilation of my-great-book-3-2-3-1.tex failed
ERROR   : Unable to generate some latex-image assets:
 LaTeX compilation failed for 1 "latex-image"(s).
Review the log for error messages, and LaTeX transcripts.
Images are:
  my-great-book-3-2-3-1.tex
INFO    : Removing temporary directory /ptx-eu4h6p84
INFO    : Finished generating assets.

INFO    : Preparing to build into /workspaces/pretext/Math-234-topics/output/web.
INFO    : XSL conversion of /workspaces/pretext/Math-234-topics/source/main.ptx by /root/.ptx/2.37.1/core/xsl/utilities/report-publisher-variables.xsl
INFO    : successful application of /root/.ptx/2.37.1/core/xsl/utilities/report-publisher-variables.xsl
INFO    : Downloading rs services file from https://runestone.academy/cdn/runestone/latest/webpack_static_imports.xml.
INFO    : Runestone Services via online CDN query: version 7.11.16
INFO    : Downloading Runestone Services, version 7.11.16
INFO    : Extracting Runestone Services from archive file
INFO    : Building custom css theme: theme-default-modern
INFO    : converting /workspaces/pretext/Math-234-topics/source/main.ptx to HTML in /ptx-s9_bqdv1
INFO    : XSL conversion of /workspaces/pretext/Math-234-topics/source/main.ptx by /root/.ptx/2.37.1/core/xsl/pretext-html.xsl
INFO    : messages from the log for XSL processing:
INFO    : * PTX:INFO:   checking all deprecated elements.
INFO    : successful application of /root/.ptx/2.37.1/core/xsl/pretext-html.xsl
INFO    : Removing temporary directory /ptx-s9_bqdv1
INFO    : Removing temporary directory /ptx-guwrrtpy
INFO    : 
Finished build for target web. Run `pretext view web` to see the results.

CRITICAL: There were errors during the build.  See above.
INFO    : ------------------------
CRITICAL: Failed to build without errors.  Exiting...
INFO    : 
----------------------------------------------------
INFO    : While running pretext, the following errors occurred:

INFO    : (see log messages above or in the 'logs' folder for more information)
INFO    : ----------------------------------------------------
