INFO    : Staging deployment according to strategy default_target
INFO    : Since no target was supplied, we will use "web".

INFO    : Staging latest build located in `/workspaces/pretext/Math-234-topics/output/web` at `/workspaces/pretext/Math-234-topics/output/stage`.
INFO    : 
INFO    : Preparing to deploy from active `main` git branch.

INFO    : Changes to project source since last commit detected.
INFO    : Committing these changes to local Git repository.

INFO    : Committing your latest build to the `gh-pages` branch.
INFO    : Attempting to connect to remote repository at `https://DivTeq0:ghp_Fcbxkxay1i9VsT1ThMLYOOdCYSA8lftrAU@github.com/DivTeq0/Math234.git`...
WARNING : There was an issue connecting to GitHub repository located at https://github.com/DivTeq0/Math234/

INFO    : Make sure you have set up authentication for GitHub.  For more information, visit:
INFO    :     https://docs.github.com/en/authentication
INFO    : Make sure you can push changes, either from the command line or in VS Code.  Then try to deploy again.

INFO    : You can also try to run `pretext deploy --no-push` to skip this step, then switch to the `gh-pages` branch (using `git checkout gh-pages`) and push manually.
INFO    : (If `https://DivTeq0:ghp_Fcbxkxay1i9VsT1ThMLYOOdCYSA8lftrAU@github.com/DivTeq0/Math234.git` doesn't match your GitHub repository,
INFO    : use `git remote remove origin` on the command line then try to deploy again.)
ERROR   : Deploy was unsuccessful.
INFO    : 
----------------------------------------------------
INFO    : While running pretext, the following errors occurred:

INFO    : (see log messages above or in the 'logs' folder for more information)
INFO    : ----------------------------------------------------
