INFO    : Building target web
INFO    : XSL conversion of /workspaces/pretext/Mth 234 topics/source/main.ptx by /root/.ptx/2.37.1/core/xsl/utilities/pretext-enhanced-source.xsl
INFO    : successful application of /root/.ptx/2.37.1/core/xsl/utilities/pretext-enhanced-source.xsl
INFO    : Generating any needed assets.
INFO    : Finished generating assets.

INFO    : Preparing to build into /workspaces/pretext/Mth 234 topics/output/web.
INFO    : discovering source file's directory name: /workspaces/pretext/Mth 234 topics/source
INFO    : verifying and expanding input directory: /workspaces/pretext/Mth 234 topics/source/../generated-assets
INFO    : input directory expanded to absolute path: /workspaces/pretext/Mth 234 topics/generated-assets
INFO    : verifying and expanding input directory: /workspaces/pretext/Mth 234 topics/source/../assets
INFO    : input directory expanded to absolute path: /workspaces/pretext/Mth 234 topics/assets
INFO    : XSL conversion of /workspaces/pretext/Mth 234 topics/source/main.ptx by /root/.ptx/2.37.1/core/xsl/utilities/report-publisher-variables.xsl
INFO    : successful application of /root/.ptx/2.37.1/core/xsl/utilities/report-publisher-variables.xsl
INFO    : Downloading rs services file from https://runestone.academy/cdn/runestone/latest/webpack_static_imports.xml.
INFO    : Runestone Services via online CDN query: version 7.11.16
INFO    : Downloading Runestone Services, version 7.11.16
INFO    : Extracting Runestone Services from archive file
INFO    : Building custom css theme: theme-default-modern
INFO    : converting /workspaces/pretext/Mth 234 topics/source/main.ptx to HTML in /ptx-fg_phxrn
INFO    : XSL conversion of /workspaces/pretext/Mth 234 topics/source/main.ptx by /root/.ptx/2.37.1/core/xsl/pretext-html.xsl
INFO    : messages from the log for XSL processing:
INFO    : * PTX:INFO:   checking all deprecated elements.
INFO    : successful application of /root/.ptx/2.37.1/core/xsl/pretext-html.xsl
INFO    : Removing temporary directory /ptx-fg_phxrn
INFO    : Removing temporary directory /ptx-gyykg_bv
INFO    : 
Finished build for target web. Run `pretext view web` to see the results.

INFO    : 
Success!  Built requested target(s) without errors.

INFO    : 
